[www.tonytropeadc.com/about-us.html]
[www.tonytropeadc.com/e,r.href]
[backblue.gif]
[fade.gif]
[index.html]
[www.tonytropeadc.com/plugins/editor/cms/skins/seanz/assets/images/favicons/apple-touch-icons/chiromatrix/favicon.ico]
[www.tonytropeadc.com/index.html]
[www.tonytropeadc.com/plugins/editor/cms/skins/seanz/assets/images/favicons/apple-touch-icons/chiromatrix/icon.png]
[www.tonytropeadc.com/plugins/editor/cms/skins/seanz/assets/images/favicons/apple-touch-icons/chiromatrix/icon-57x57.png]
[www.tonytropeadc.com/plugins/editor/cms/skins/seanz/assets/images/favicons/apple-touch-icons/chiromatrix/icon-72x72.png]
[www.tonytropeadc.com/plugins/editor/cms/skins/seanz/assets/images/favicons/apple-touch-icons/chiromatrix/icon-76x76.png]
[www.tonytropeadc.com/plugins/editor/cms/skins/seanz/assets/images/favicons/apple-touch-icons/chiromatrix/icon-114x114.png]
[www.tonytropeadc.com/plugins/editor/cms/skins/seanz/assets/images/favicons/apple-touch-icons/chiromatrix/icon-120x120.png]
[www.tonytropeadc.com/plugins/editor/cms/skins/seanz/assets/images/favicons/apple-touch-icons/chiromatrix/icon-144x144.png]
[www.tonytropeadc.com/plugins/editor/cms/skins/seanz/assets/images/favicons/apple-touch-icons/chiromatrix/icon-152x152.png]
[www.tonytropeadc.com/plugins/editor/cms/skins/seanz/assets/images/favicons/apple-touch-icons/chiromatrix/icon-180x180.png]
[my.officite.com/0043636/themes/website/assets/client/css/telehealth-legacy.css]
[static.elfsight.com/platform/platform.js]
[www.tonytropeadc.com/plugins/editor/cms/assets/css/libs/flexslider/flexsliderf2e6.css]
[www.tonytropeadc.com/plugins/editor/cms/assets/css/libs/sweet-alert-two/sweetalert2f2e6.css]
[www.tonytropeadc.com/plugins/smb/cta/components/assets/css/colorboxfac3.css]
[www.tonytropeadc.com/themes/common/javascripts/vendor/jquery.mmenu/css/jquery.mmenu.all5ad1.css]
[www.tonytropeadc.com/plugins/smb/navigation/components/navigation/assets/css/navigationafa0.css]
[www.tonytropeadc.com/plugins/smb/navigation/components/navigation/assets/css/more_navafa0.css]
[www.tonytropeadc.com/plugins/smb/pagetitle/components/pagetitle/assets/css/pagetitle3587.css]
[www.tonytropeadc.com/plugins/smb/form/components/assets/css/formfdb9.css]
[www.tonytropeadc.com/plugins/editor/cms/assets/css/libs/videojs/video-js.minf2e6.css]
[www.tonytropeadc.com/plugins/editor/cms/assets/css/libs/videojs/video-js.custom.minf2e6.css]
[www.tonytropeadc.com/plugins/editor/cms/components/pagelayouteditor/assets/css/ple-core-supplementf2e6.css]
[www.tonytropeadc.com/plugins/editor/cms/components/pagelayouteditor/assets/css/video-backgroundsf2e6.css]
[www.tonytropeadc.com/themes/common/fonts/custom-icons/custom-icons5ad1.css]
[www.tonytropeadc.com/plugins/editor/cms/skins/seanz/assets/vendor/redactor/css/custom_redactorf2e6.css]
[www.tonytropeadc.com/plugins/smb/staff/components/staff/assets/css/staffd270.css]
[www.tonytropeadc.com/plugins/smb/logo/components/logo/assets/css/styles36e1.css]
[www.tonytropeadc.com/plugins/smb/cta/components/assets/css/ctafac3.css]
[www.tonytropeadc.com/plugins/smb/socialmedia/components/socialmedia/assets/css/defaultd5c4.css]
[www.tonytropeadc.com/themes/common/fonts/martindale-outline-icons/martindale-outline-icons5ad1.css]
[www.tonytropeadc.com/themes/common/stylesheets/smb/gdpr-banner5ad1.css]
[www.tonytropeadc.com/plugins/editor/cms/components/pagelayouteditor/assets/css/mobileheaderf2e6.css]
[www.tonytropeadc.com/themes/website/assets/css/custom-color.min23a8.css]
[www.tonytropeadc.com/themes/website/assets/aliases/sedona/assets/css/sedona23a8.css]
[www.tonytropeadc.com/themes/website/assets/client/css/custom23a8.css]
[www.tonytropeadc.com/plugins/editor/cms/assets/js/ibeugdpr.js]
[ibclick.stream/assets/js/track/dist/js/v1/tracker.min.js]
[my.chiromatrix.com/0076741/storage/app/media/_img/50-spinal-decompression-consultation-special-offer-200-normally_page-0001.jpg]
[www.tonytropeadc.com/special-offers.html]
[www.tonytropeadc.com/meet-the-doctor.html]
[www.tonytropeadc.com/testimonials.html]
[www.tonytropeadc.com/back-pain.html]
[www.tonytropeadc.com/back-pain-faqs.html]
[www.tonytropeadc.com/chiropractic-care.html]
[www.tonytropeadc.com/common-airbag-and-seatbelt-injury.html]
[www.tonytropeadc.com/concussions.html]
[www.tonytropeadc.com/headaches.html]
[www.tonytropeadc.com/headaches-after-a-car-accident.html]
[www.tonytropeadc.com/herniated-discs.html]
[www.tonytropeadc.com/knee-pain.html]
[www.tonytropeadc.com/knee-pain-faqs.html]
[www.tonytropeadc.com/lifestyle-and-nutritional-advice.html]
[www.tonytropeadc.com/lower-back-pain.html]
[www.tonytropeadc.com/neck-pain.html]
[www.tonytropeadc.com/neck-pain-faqs.html]
[www.tonytropeadc.com/sciatica.html]
[www.tonytropeadc.com/shockwave-therapy.html]
[www.tonytropeadc.com/shoulder-injury-from-auto-accident.html]
[www.tonytropeadc.com/shoulder-pain.html]
[www.tonytropeadc.com/shoulder-pain-faqs.html]
[www.tonytropeadc.com/spinal-decompression.html]
[www.tonytropeadc.com/spinal-manipulation-a-adjustment.html]
[www.tonytropeadc.com/sports-injury.html]
[www.tonytropeadc.com/whiplash.html]
[www.tonytropeadc.com/whiplash-faqs.html]
[www.tonytropeadc.com/accident-injury-treatments.html]
[www.tonytropeadc.com/auto-accident-faqs.html]
[www.tonytropeadc.com/new-patient-center.html]
[www.tonytropeadc.com/online-forms.html]
[www.tonytropeadc.com/payment-options.html]
[www.tonytropeadc.com/what-to-expect.html]
[www.tonytropeadc.com/your-first-visit.html]
[www.tonytropeadc.com/phase-1_-relief-care.html]
[www.tonytropeadc.com/phase-2_-corrective-care.html]
[www.tonytropeadc.com/phase-3_-wellness-care.html]
[www.tonytropeadc.com/3d-spine-simulator.html]
[www.tonytropeadc.com/contact-us.html]
[www.tonytropeadc.com/appointment.html]
[www.tonytropeadc.com/head-and-neck.html]
[www.tonytropeadc.com/upper-back.html]
[www.tonytropeadc.com/shoulder-and-clavicle.html]
[www.tonytropeadc.com/mid-back.html]
[www.tonytropeadc.com/lower-back.html]
[www.tonytropeadc.com/elbow-hand-and-wrist.html]
[www.tonytropeadc.com/disclaimers/privacy_policy.html]
[www.tonytropeadc.com/disclaimers/terms_of_use.html]
[www.tonytropeadc.com/disclaimers/healthdisclaimer.html]
[www.tonytropeadc.com/themes/common/javascripts/vendor/jquery/jquery-1.11.1.min.js]
[www.tonytropeadc.com/themes/website/assets/client/js/custome556.js]
[www.tonytropeadc.com/plugins/editor/cms/assets/js/libs/jquery.lazy/jquery.lazyf2e6.js]
[www.tonytropeadc.com/plugins/editor/cms/assets/js/libs/jquery.lazy/jquery.lazy.pluginsf2e6.js]
[www.tonytropeadc.com/plugins/editor/cms/assets/js/libs/flexslider/jquery.flexslider-minf2e6.js]
[www.tonytropeadc.com/plugins/editor/cms/assets/js/libs/skrollrf2e6.js]
[www.tonytropeadc.com/plugins/editor/cms/components/pagelayouteditor/assets/js/stickyf2e6.js]
[www.tonytropeadc.com/plugins/editor/cms/assets/js/polyfills/intersectionObserver.minf2e6.js]
[www.tonytropeadc.com/plugins/editor/cms/components/pagelayouteditor/assets/js/lazy-load-sectionsf2e6.js]
[www.tonytropeadc.com/plugins/editor/cms/assets/js/libs/sweet-alert-two/sweetalert2f2e6.js]
[www.tonytropeadc.com/plugins/smb/cta/components/assets/js/colorbox.minfac3.js]
[www.tonytropeadc.com/plugins/smb/cta/components/assets/js/me.cbfac3.js]
[www.tonytropeadc.com/themes/common/javascripts/vendor/jquery.mmenu/js/jquery.mmenu.min.all5ad1.js]
[www.tonytropeadc.com/themes/common/javascripts/vendor/sticky/jquery.sticky5ad1.js]
[www.tonytropeadc.com/plugins/smb/navigation/components/navigation/assets/js/navigationafa0.js]
[www.tonytropeadc.com/plugins/smb/form/components/assets/js/formUploadFieldfdb9.js]
[www.tonytropeadc.com/plugins/smb/form/components/assets/js/formfdb9.js]
[smbleads.ibsmb.com/v1/js/CampaignTracker.min.js]
[www.tonytropeadc.com/plugins/editor/cms/assets/js/libs/videojs/video.minf2e6.js]
[www.tonytropeadc.com/plugins/editor/cms/assets/js/libs/videojs/Youtubef2e6.js]
[www.tonytropeadc.com/plugins/editor/cms/assets/js/libs/videojs/Vimeof2e6.js]
[www.tonytropeadc.com/plugins/editor/cms/components/pagelayouteditor/assets/js/vendor/popper.minf2e6.js]
[www.tonytropeadc.com/plugins/editor/cms/components/pagelayouteditor/assets/js/vendor/bootstrap-4.x/bootstrap.minf2e6.js]
[www.tonytropeadc.com/plugins/editor/cms/components/pagelayouteditor/assets/js/vendor/jquery-ui.minf2e6.js]
[www.tonytropeadc.com/plugins/editor/cms/components/pagelayouteditor/assets/js/equalheightf2e6.js]
[www.tonytropeadc.com/plugins/editor/cms/skins/seanz/assets/vendor/redactor/js/plugin.showmore_onreadyf2e6.js]
[www.tonytropeadc.com/plugins/editor/cms/skins/seanz/assets/vendor/redactor/js/plugin.link_to_sectionf2e6.js]
[www.tonytropeadc.com/themes/common/javascripts/vendor/scrollreveal/dist/scrollreveal.min5ad1.js]
[www.tonytropeadc.com/plugins/smb/staff/components/staff/assets/js/staffd270.js]
[www.tonytropeadc.com/plugins/smb/staff/components/staff/assets/js/staff-flexsliderd270.js]
[www.tonytropeadc.com/plugins/smb/staff/components/staff/assets/js/staffLazyd270.js]
[www.tonytropeadc.com/plugins/smb/locations/components/locations/assets/js/locations28a9.js]
[www.tonytropeadc.com/themes/common/javascripts/vendor/iframeresizer/iframeResizer.contentWindowe556.js]
[www.tonytropeadc.com/themes/common/javascripts/smb/navigation-more-buttone556.js]
[www.tonytropeadc.com/themes/common/javascripts/smb/jquery.contact-number-wrappere556.js]
[www.tonytropeadc.com/themes/common/javascripts/smb/jquery.desktop-drop-nave556.js]
[www.tonytropeadc.com/themes/common/javascripts/smb/jquery.dropdown-fite556.js]
[www.tonytropeadc.com/themes/common/javascripts/smb/jquery.dotdotdote556.js]
[www.tonytropeadc.com/themes/common/javascripts/smb/jquery.more-nave556.js]
[www.tonytropeadc.com/themes/common/javascripts/smb/jquery.move-elemente556.js]
[www.tonytropeadc.com/themes/common/javascripts/smb/jquery.navigation-sublevel-wrape556.js]
[www.tonytropeadc.com/themes/common/javascripts/smb/jquery.set-class-on-hovere556.js]
[www.tonytropeadc.com/themes/common/javascripts/smb/jquery.slide-accordione556.js]
[www.tonytropeadc.com/themes/common/javascripts/smb/jquery.responsive-helpere556.js]
[www.tonytropeadc.com/themes/common/javascripts/vendor/fancybox/jquery.fancyboxe556.js]
[www.tonytropeadc.com/themes/common/javascripts/vendor/js-cookie/js.cookiee556.js]
[www.tonytropeadc.com/themes/common/javascripts/smb/frame_selectore556.js]
[www.tonytropeadc.com/themes/website/assets/js/themee556.js]
[www.tonytropeadc.com/themes/common/javascripts/smb/globale556.js]
[apps.chiromatrixbase.com/js/smb-number-changerb227.js]
[www.tonytropeadc.com/about-us.html]
[www.tonytropeadc.com/e,r.html]
[cdn.userway.org/widget.js]
[www.tonytropeadc.com/storage/opt/3777301e8c7e25145fb9bd16fc0c87da.opt-min.cr.js]
[www.tonytropeadc.com/storage/opt/d2c09a5d51ab84d97c21413e2555ef52.opt-min.cr.css]
[www.tonytropeadc.com/storage/opt/7c60d263e5ba711362af356840544f57.opt-min.cf.css]
[www.tonytropeadc.com/storage/opt/19a8b5fc172e0759d34dcc0d783b3690.opt-min.co.css]
[www.tonytropeadc.com/storage/opt/be9ad4eb6d144c9b80f71a0a29e74df2.opt-min.co.js]
[www.tonytropeadc.com/index.html]
[www.tonytropeadc.com/storage/opt/js-defer.js]
[my.officite.com/0013549/storage/app/media/bg-head-cta.97.delayed]
[my.officite.com/0043636/themes/website/assets/client/css/telehealth-legacy.css]
[www.tonytropeadc.com/plugins/editor/cms/assets/css/libs/flexslider/fonts/flexslider-icon.eot]
[www.tonytropeadc.com/plugins/editor/cms/assets/css/libs/flexslider/fonts/flexslider-icond41d.eot]
[www.tonytropeadc.com/plugins/editor/cms/assets/css/libs/flexslider/fonts/flexslider-icon.woff]
[www.tonytropeadc.com/plugins/editor/cms/assets/css/libs/flexslider/fonts/flexslider-icon.ttf]
[www.tonytropeadc.com/plugins/editor/cms/assets/css/libs/flexslider/flexsliderf2e6.css]
[www.tonytropeadc.com/plugins/editor/cms/assets/css/libs/sweet-alert-two/sweetalert2f2e6.css]
[www.tonytropeadc.com/plugins/editor/cms/assets/css/libs/flexslider/fonts/flexslider-icon.svg]
[www.tonytropeadc.com/plugins/smb/cta/components/assets/css/images/loading.gif]
[www.tonytropeadc.com/plugins/smb/cta/components/assets/css/images/controls.png]
[www.tonytropeadc.com/plugins/smb/cta/components/assets/css/colorboxfac3.css]
[www.tonytropeadc.com/themes/common/javascripts/vendor/jquery.mmenu/css/jquery.mmenu.all5ad1.css]
[www.tonytropeadc.com/plugins/smb/navigation/components/navigation/assets/css/navigationafa0.css]
[www.tonytropeadc.com/plugins/smb/navigation/components/navigation/assets/css/more_navafa0.css]
[www.tonytropeadc.com/plugins/smb/pagetitle/components/pagetitle/assets/css/pagetitle3587.css]
[www.tonytropeadc.com/plugins/smb/form/components/assets/css/fonts/leads-api-customIcons29f8.eot]
[www.tonytropeadc.com/plugins/smb/form/components/assets/css/fonts/leads-api-customIcons29f8.ttf]
[www.tonytropeadc.com/plugins/smb/form/components/assets/css/fonts/leads-api-customIcons29f8.woff]
[www.tonytropeadc.com/plugins/smb/form/components/assets/css/formfdb9.css]
[www.tonytropeadc.com/plugins/smb/form/components/assets/css/fonts/leads-api-customIcons29f8.svg]
[www.tonytropeadc.com/plugins/editor/cms/assets/css/libs/videojs/font/VideoJSd41d.eot]
[www.tonytropeadc.com/plugins/editor/cms/assets/css/libs/videojs/video-js.minf2e6.css]
[www.tonytropeadc.com/plugins/editor/cms/assets/css/libs/videojs/video-js.custom.minf2e6.css]
[www.tonytropeadc.com/plugins/editor/cms/components/pagelayouteditor/assets/css/ple-core-supplementf2e6.css]
[www.tonytropeadc.com/plugins/editor/cms/components/pagelayouteditor/assets/css/video-backgroundsf2e6.css]
[www.tonytropeadc.com/themes/common/fonts/custom-icons/custom-icons32fb.eot]
[www.tonytropeadc.com/themes/common/fonts/custom-icons/custom-icons32fb.ttf]
[www.tonytropeadc.com/themes/common/fonts/custom-icons/custom-icons32fb.woff]
[www.tonytropeadc.com/themes/common/fonts/custom-icons/custom-icons5ad1.css]
[www.tonytropeadc.com/plugins/editor/cms/skins/seanz/assets/vendor/redactor/css/custom_redactorf2e6.css]
[www.tonytropeadc.com/plugins/smb/staff/components/staff/assets/css/staffd270.css]
[www.tonytropeadc.com/plugins/smb/logo/components/logo/assets/css/styles36e1.css]
[www.tonytropeadc.com/plugins/smb/cta/components/assets/css/ctafac3.css]
[www.tonytropeadc.com/plugins/smb/socialmedia/components/socialmedia/assets/css/defaultd5c4.css]
[www.tonytropeadc.com/themes/common/fonts/custom-icons/custom-icons32fb.svg]
[www.tonytropeadc.com/themes/common/fonts/martindale-outline-icons/martindale-outline-icons2a3d.eot]
[www.tonytropeadc.com/themes/common/fonts/martindale-outline-icons/martindale-outline-icons2a3d.ttf]
[www.tonytropeadc.com/themes/common/fonts/martindale-outline-icons/martindale-outline-icons2a3d.woff]
[www.tonytropeadc.com/themes/common/fonts/martindale-outline-icons/martindale-outline-icons5ad1.css]
[www.tonytropeadc.com/themes/common/stylesheets/smb/gdpr-banner5ad1.css]
[www.tonytropeadc.com/plugins/editor/cms/components/pagelayouteditor/assets/css/mobileheaderf2e6.css]
[www.tonytropeadc.com/themes/common/fonts/font-awesome/fontawesome-webfont.eot]
[www.tonytropeadc.com/themes/common/fonts/martindale-outline-icons/martindale-outline-icons2a3d.svg]
[www.tonytropeadc.com/themes/common/fonts/font-awesome/fontawesome-webfont.woff]
[www.tonytropeadc.com/themes/common/fonts/font-awesome/fontawesome-webfontd41d.eot]
[www.tonytropeadc.com/themes/common/fonts/font-awesome/fontawesome-webfont.ttf]
[www.tonytropeadc.com/themes/common/fonts/font-awesome/fontawesome-webfont.svg]
[www.tonytropeadc.com/themes/common/fonts/lato/lato-regular-webfont.eot]
[www.tonytropeadc.com/themes/common/fonts/lato/lato-regular-webfontd41d.eot]
[www.tonytropeadc.com/themes/common/fonts/lato/lato-regular-webfont.woff]
[www.tonytropeadc.com/themes/common/fonts/lato/lato-regular-webfont.ttf]
[www.tonytropeadc.com/themes/common/fonts/lato/lato-regular-webfont.svg]
[www.tonytropeadc.com/themes/common/fonts/lato/lato-bold-webfont.eot]
[www.tonytropeadc.com/themes/common/fonts/lato/lato-bold-webfontd41d.eot]
[www.tonytropeadc.com/themes/common/fonts/lato/lato-bold-webfont.woff]
[www.tonytropeadc.com/themes/common/fonts/lato/lato-bold-webfont.ttf]
[www.tonytropeadc.com/themes/common/fonts/lato/lato-bold-webfont.svg]
[www.tonytropeadc.com/themes/common/fonts/lato/lato-black-webfont.eot]
[www.tonytropeadc.com/themes/common/fonts/lato/lato-black-webfontd41d.eot]
[www.tonytropeadc.com/themes/common/fonts/lato/lato-black-webfont.woff]
[www.tonytropeadc.com/themes/common/fonts/lato/lato-black-webfont.ttf]
[www.tonytropeadc.com/themes/common/fonts/lato/lato-black-webfont.svg]
[www.tonytropeadc.com/themes/common/fonts/lato/lato-heavy-webfont.eot]
[www.tonytropeadc.com/themes/common/fonts/lato/lato-heavy-webfontd41d.eot]
[www.tonytropeadc.com/themes/common/fonts/lato/lato-heavy-webfont.woff]
[www.tonytropeadc.com/themes/common/fonts/lato/lato-heavy-webfont.ttf]
[www.tonytropeadc.com/themes/common/fonts/lato/lato-heavy-webfont.svg]
[www.tonytropeadc.com/themes/common/fonts/lato/lato-semibolditalic-webfont.eot]
[www.tonytropeadc.com/themes/common/fonts/lato/lato-semibolditalic-webfontd41d.eot]
[www.tonytropeadc.com/themes/common/fonts/lato/lato-semibolditalic-webfont.woff]
[www.tonytropeadc.com/themes/common/fonts/lato/lato-semibolditalic-webfont.ttf]
[www.tonytropeadc.com/themes/common/fonts/lato/lato-semibolditalic-webfont.svg]
[www.tonytropeadc.com/themes/common/fonts/lato/lato-italic-webfont.eot]
[www.tonytropeadc.com/themes/common/fonts/lato/lato-italic-webfontd41d.eot]
[www.tonytropeadc.com/themes/common/fonts/lato/lato-italic-webfont.woff]
[www.tonytropeadc.com/themes/common/fonts/lato/lato-italic-webfont.ttf]
[www.tonytropeadc.com/themes/common/fonts/lato/lato-italic-webfont.svg]
[www.tonytropeadc.com/themes/common/fonts/lato/lato-light-webfont.eot]
[www.tonytropeadc.com/themes/common/fonts/lato/lato-light-webfontd41d.eot]
[www.tonytropeadc.com/themes/common/fonts/lato/lato-light-webfont.woff]
[www.tonytropeadc.com/themes/common/fonts/lato/lato-light-webfont.ttf]
[www.tonytropeadc.com/themes/common/fonts/lato/lato-light-webfont.svg]
[www.tonytropeadc.com/themes/common/fonts/lato/lato-medium-webfont.eot]
[www.tonytropeadc.com/themes/common/fonts/lato/lato-medium-webfontd41d.eot]
[www.tonytropeadc.com/themes/common/fonts/lato/lato-medium-webfont.woff]
[www.tonytropeadc.com/themes/common/fonts/lato/lato-medium-webfont.ttf]
[www.tonytropeadc.com/themes/common/fonts/lato/lato-semibold-webfont.eot]
[www.tonytropeadc.com/themes/common/fonts/lato/lato-semibold-webfontd41d.eot]
[www.tonytropeadc.com/themes/common/fonts/lato/lato-semibold-webfont.woff]
[www.tonytropeadc.com/themes/common/fonts/lato/lato-semibold-webfont.ttf]
[www.tonytropeadc.com/themes/common/fonts/lato/lato-medium-webfont.svg]
[www.tonytropeadc.com/themes/common/fonts/lato/lato-bolditalic-webfontd41d.eot]
[www.tonytropeadc.com/themes/common/fonts/lato/lato-bolditalic-webfont.woff]
[www.tonytropeadc.com/themes/common/fonts/lato/lato-bolditalic-webfont.eot]
[www.tonytropeadc.com/themes/common/fonts/lato/lato-bolditalic-webfont.ttf]
[www.tonytropeadc.com/themes/common/fonts/questrial/questrial-regular-webfont.eot]
[www.tonytropeadc.com/themes/common/fonts/lato/lato-semibold-webfont.svg]
[www.tonytropeadc.com/themes/common/fonts/questrial/questrial-regular-webfontd41d.eot]
[www.tonytropeadc.com/themes/common/fonts/questrial/questrial-regular-webfont.woff]
[www.tonytropeadc.com/themes/common/fonts/questrial/questrial-regular-webfont.ttf]
[www.tonytropeadc.com/themes/common/fonts/lato/lato-bolditalic-webfont.svg]
[www.tonytropeadc.com/themes/common/fonts/questrial/questrial-regular-webfont.svg]
[www.tonytropeadc.com/themes/website/assets/img/browserlock/icon-back-to-top.png]
[demo-optometry.imatrix.com/images/brands/optometry/frame_selector/sml-frames.png]
[demo-optometry.imatrix.com/images/brands/optometry/frame_selector/faces.png]
[demo-optometry.imatrix.com/images/brands/optometry/frame_selector/lrg-frames.png]
[demo-optometry.imatrix.com/images/brands/optometry/frame_selector/ml-frames.png]
[demo-optometry.imatrix.com/images/brands/optometry/frame_selector/symbols.png]
[demo-optometry.imatrix.com/js/jquery_plugins/images/fancybox/fancybox_sprite.png]
[demo-optometry.imatrix.com/images/brands/optometry/frame_selector/fancybox_loading.gif]
[demo-optometry.imatrix.com/js/jquery_plugins/images/fancybox/blank.gif]
[demo-optometry.imatrix.com/js/jquery_plugins/images/fancybox/fancybox_overlay.png]
[demo-optometry.imatrix.com/images/brands/optometry/frame_selector/fancybox_sprite@2x.png]
[demo-optometry.imatrix.com/images/brands/optometry/frame_selector/fancybox_loading@2x.gif]
[www.tonytropeadc.com/themes/website/assets/img/ui-icons_444444_256x240.png]
[www.tonytropeadc.com/themes/website/assets/img/ui-icons_555555_256x240.png]
[www.tonytropeadc.com/themes/website/assets/img/ui-icons_ffffff_256x240.png]
[www.tonytropeadc.com/themes/website/assets/img/ui-icons_777620_256x240.png]
[www.tonytropeadc.com/themes/website/assets/img/ui-icons_cc0000_256x240.png]
[www.tonytropeadc.com/themes/website/assets/img/ui-icons_777777_256x240.png]
[www.tonytropeadc.com/themes/website/assets/img/location-search.png]
[www.tonytropeadc.com/themes/website/assets/img/reviews/big-stars.png]
[www.tonytropeadc.com/themes/website/assets/img/reviews/small-stars.png]
[www.tonytropeadc.com/themes/website/assets/img/reviews/thumb.png]
[www.tonytropeadc.com/themes/website/assets/img/reviews/icon-sm-facebook.png]
[www.tonytropeadc.com/themes/website/assets/img/reviews/icon-sm-google.png]
[www.tonytropeadc.com/themes/website/assets/img/reviews/icon-sm-google-plus.png]
[www.tonytropeadc.com/themes/website/assets/img/reviews/icon-sm-lawyers.png]
[www.tonytropeadc.com/themes/website/assets/img/reviews/icon-sm-superpages.png]
[www.tonytropeadc.com/themes/website/assets/img/reviews/icon-sm-yelp.png]
[www.tonytropeadc.com/themes/website/assets/img/reviews/icon-sm-bbb.png]
[www.tonytropeadc.com/themes/website/assets/img/reviews/icon-sm-citysearch.png]
[www.tonytropeadc.com/themes/website/assets/img/reviews/icon-sm-foursquare.png]
[www.tonytropeadc.com/themes/website/assets/img/reviews/icon-sm-kudzu.png]
[www.tonytropeadc.com/themes/website/assets/img/reviews/icon-sm-merchantcircle.png]
[www.tonytropeadc.com/themes/website/assets/img/reviews/icon-sm-yellowpages.png]
[www.tonytropeadc.com/themes/website/assets/img/reviews/icon-sm-avvo.png]
[www.tonytropeadc.com/themes/website/assets/css/custom-color.min23a8.css]
[www.tonytropeadc.com/themes/website/assets/aliases/sedona/assets/css/sedona23a8.css]
[www.tonytropeadc.com/themes/website/assets/client/css/custom23a8.css]
[www.tonytropeadc.com/special-offers.html]
[www.tonytropeadc.com/meet-the-doctor.html]
[www.tonytropeadc.com/themes/common/javascripts/vendor/jquery.bxslider/jquery.bxslider5ad1.css]
[www.tonytropeadc.com/plugins/smb/testimonials/components/testimonials/assets/css/jquery.fancybox20a1.css]
[www.tonytropeadc.com/plugins/smb/testimonials/components/testimonials/assets/css/testimonials20a1.css]
[www.tonytropeadc.com/themes/common/javascripts/vendor/imagescale/js/image-scale5ad1.js]
[www.tonytropeadc.com/themes/common/javascripts/vendor/jquery.bxslider/plugins/jquery.easing.1.35ad1.js]
[www.tonytropeadc.com/themes/common/javascripts/vendor/jquery.bxslider/jquery.bxslider5ad1.js]
[www.tonytropeadc.com/themes/common/javascripts/vendor/jquery.bxslider/plugins/jquery.fitvids5ad1.js]
[www.tonytropeadc.com/themes/common/javascripts/smb/bxslider5ad1.js]
[www.tonytropeadc.com/plugins/smb/testimonials/components/testimonials/assets/js/jquery.fancybox20a1.js]
[www.tonytropeadc.com/plugins/smb/testimonials/components/testimonials/assets/js/testimonials-slideshow20a1.js]
[www.tonytropeadc.com/plugins/smb/testimonials/components/testimonials/assets/js/testimonials-flexslide20a1.js]
[www.tonytropeadc.com/plugins/smb/testimonials/components/testimonials/assets/js/testimonials-composer20a1.js]
[unpkg.com/masonry-layout@4.2.2/dist/masonry.pkgd.min.js]
[www.tonytropeadc.com/plugins/smb/testimonials/components/testimonials/assets/js/testimonials20a1.js]
[www.tonytropeadc.com/testimonials.html]
[www.tonytropeadc.com/back-pain.html]
[www.tonytropeadc.com/back-pain-faqs.html]
[www.tonytropeadc.com/chiropractic-care.html]
[www.tonytropeadc.com/common-airbag-and-seatbelt-injury.html]
[apps.chiromatrixbase.com/js/smb-number-changer5b4c.js]
[www.tonytropeadc.com/concussions.html]
[www.tonytropeadc.com/headaches.html]
[www.tonytropeadc.com/headaches-after-a-car-accident.html]
[www.tonytropeadc.com/herniated-discs.html]
[www.tonytropeadc.com/knee-pain.html]
[www.tonytropeadc.com/knee-pain-faqs.html]
[www.tonytropeadc.com/lifestyle-and-nutritional-advice.html]
[www.tonytropeadc.com/lower-back-pain.html]
[www.tonytropeadc.com/neck-pain.html]
[www.tonytropeadc.com/neck-pain-faqs.html]
[www.tonytropeadc.com/sciatica.html]
[www.tonytropeadc.com/shockwave-therapy.html]
[www.tonytropeadc.com/shoulder-injury-from-auto-accident.html]
[www.tonytropeadc.com/shoulder-pain.html]
[www.tonytropeadc.com/shoulder-pain-faqs.html]
[www.tonytropeadc.com/spinal-decompression.html]
[www.tonytropeadc.com/spinal-manipulation-a-adjustment.html]
[www.tonytropeadc.com/sports-injury.html]
[www.tonytropeadc.com/whiplash.html]
[www.tonytropeadc.com/whiplash-faqs.html]
[www.tonytropeadc.com/accident-injury-treatments.html]
[www.tonytropeadc.com/auto-accident-faqs.html]
[www.tonytropeadc.com/new-patient-center.html]
[www.tonytropeadc.com/storage/app/media/_forms/newpatientform.pdf]
[www.tonytropeadc.com/storage/app/media/SpanishPI-min.pdf]
[www.tonytropeadc.com/storage/app/media/_forms/minorconsent.pdf]
[www.tonytropeadc.com/storage/app/media/_forms/personalinjury.pdf]
[www.tonytropeadc.com/storage/app/media/SpanishPI.pdf]
[www.tonytropeadc.com/online-forms.html]
[www.tonytropeadc.com/payment-options.html]
[www.tonytropeadc.com/what-to-expect.html]
[www.tonytropeadc.com/your-first-visit.html]
[www.tonytropeadc.com/phase-1_-relief-care.html]
[www.tonytropeadc.com/phase-2_-corrective-care.html]
[www.tonytropeadc.com/phase-3_-wellness-care.html]
[www.tonytropeadc.com/3d-spine-simulator.html]
[www.tonytropeadc.com/contact-us.html]
[www.tonytropeadc.com/appointment.html]
[www.tonytropeadc.com/head-and-neck.html]
[www.tonytropeadc.com/upper-back.html]
[www.tonytropeadc.com/shoulder-and-clavicle.html]
[www.tonytropeadc.com/mid-back.html]
[www.tonytropeadc.com/lower-back.html]
[www.tonytropeadc.com/elbow-hand-and-wrist.html]
[www.tonytropeadc.com/content/chiromatrix/3d_spine/nerve_chart/index.html]
[www.tonytropeadc.com/disclaimers/e,r.href]
[www.tonytropeadc.com/disclaimers/privacy_policy.htm]
[www.tonytropeadc.com/disclaimers/privacy_policy.html]
[www.tonytropeadc.com/disclaimers/terms_of_use.htm]
[www.tonytropeadc.com/disclaimers/terms_of_use.html]
[www.tonytropeadc.com/disclaimers/healthdisclaimer.htm]
[www.tonytropeadc.com/disclaimers/healthdisclaimer.html]
[www.tonytropeadc.com/themes/website/assets/aliases/sedona/assets/js/sedonae556.js]
[www.tonytropeadc.com/themes/common/javascripts/vendor/jquery.bxslider/images/bx_loader.gif]
[www.tonytropeadc.com/storage/opt/d2c09a5d51ab84d97c21413e2555ef52.opt-min.cr.css]
[www.tonytropeadc.com/plugins/smb/gallery/components/assets/img/graphics/index.html]
[www.tonytropeadc.com/storage/opt/7c60d263e5ba711362af356840544f57.opt-min.cf.css]
[www.tonytropeadc.com/storage/opt/19a8b5fc172e0759d34dcc0d783b3690.opt-min.co.css]
[my.officite.com/0013549/storage/app/media/bg-head-cta.html]
[www.tonytropeadc.com/plugins/editor/cms/assets/css/libs/flexslider/fonts/flexslider-icon.svg]
[www.tonytropeadc.com/plugins/smb/form/components/assets/css/fonts/leads-api-customIcons29f8.svg]
[www.tonytropeadc.com/plugins/editor/cms/assets/css/libs/videojs/font/VideoJSd41d.html]
[www.tonytropeadc.com/themes/common/fonts/custom-icons/custom-icons32fb.svg]
[www.tonytropeadc.com/themes/common/fonts/martindale-outline-icons/martindale-outline-icons2a3d.svg]
[www.tonytropeadc.com/themes/common/fonts/font-awesome/fontawesome-webfont.svg]
[www.tonytropeadc.com/themes/common/fonts/lato/lato-regular-webfont.svg]
[www.tonytropeadc.com/themes/common/fonts/lato/lato-bold-webfont.svg]
[www.tonytropeadc.com/themes/common/fonts/lato/lato-black-webfont.svg]
[www.tonytropeadc.com/themes/common/fonts/lato/lato-heavy-webfont.svg]
[www.tonytropeadc.com/themes/common/fonts/lato/lato-semibolditalic-webfont.svg]
[www.tonytropeadc.com/themes/common/fonts/lato/lato-italic-webfont.svg]
[www.tonytropeadc.com/themes/common/fonts/lato/lato-light-webfont.svg]
[www.tonytropeadc.com/themes/common/fonts/lato/lato-medium-webfont.svg]
[www.tonytropeadc.com/themes/common/fonts/lato/lato-semibold-webfont.svg]
[www.tonytropeadc.com/themes/common/fonts/lato/lato-bolditalic-webfont.svg]
[www.tonytropeadc.com/themes/common/fonts/questrial/questrial-regular-webfont.svg]
[demo-optometry.imatrix.com/images/brands/optometry/frame_selector/ml-frames.html]
[demo-optometry.imatrix.com/js/jquery_plugins/images/fancybox/fancybox_sprite.html]
[demo-optometry.imatrix.com/images/brands/optometry/frame_selector/fancybox_loading.html]
[demo-optometry.imatrix.com/js/jquery_plugins/images/fancybox/blank.html]
[demo-optometry.imatrix.com/js/jquery_plugins/images/fancybox/fancybox_overlay.html]
[demo-optometry.imatrix.com/images/brands/optometry/frame_selector/fancybox_sprite@2x.html]
[demo-optometry.imatrix.com/images/brands/optometry/frame_selector/fancybox_loading@2x.html]
[www.tonytropeadc.com/themes/common/javascripts/vendor/jquery.bxslider/images/controls.png]
[www.tonytropeadc.com/themes/common/javascripts/vendor/jquery.bxslider/jquery.bxslider5ad1.css]
[www.tonytropeadc.com/plugins/smb/testimonials/components/testimonials/assets/css/fancybox_sprite.png]
[www.tonytropeadc.com/plugins/smb/testimonials/components/testimonials/assets/css/fancybox_loading.gif]
[www.tonytropeadc.com/plugins/smb/testimonials/components/testimonials/assets/css/blank.gif]
[www.tonytropeadc.com/plugins/smb/testimonials/components/testimonials/assets/css/fancybox_overlay.png]
[www.tonytropeadc.com/plugins/smb/testimonials/components/testimonials/assets/css/fancybox_sprite@2x.png]
[www.tonytropeadc.com/plugins/smb/testimonials/components/testimonials/assets/css/fancybox_loading@2x.gif]
[www.tonytropeadc.com/plugins/smb/testimonials/components/testimonials/assets/css/jquery.fancybox20a1.css]
[www.tonytropeadc.com/plugins/smb/testimonials/components/testimonials/assets/css/testimonials20a1.css]
[www.tonytropeadc.com/content/chiromatrix/3d_spine/nerve_chart/images/favicon/favicon.ico]
[www.tonytropeadc.com/content/chiromatrix/3d_spine/nerve_chart/images/favicon/apple-touch-icon-57x57.png]
[www.tonytropeadc.com/content/chiromatrix/3d_spine/nerve_chart/images/favicon/apple-touch-icon-114x114.png]
[www.tonytropeadc.com/content/chiromatrix/3d_spine/nerve_chart/images/favicon/apple-touch-icon-72x72.png]
[www.tonytropeadc.com/content/chiromatrix/3d_spine/nerve_chart/css/style.css]
[www.tonytropeadc.com/content/chiromatrix/3d_spine/nerve_chart/js/jquery.min.js]
[www.tonytropeadc.com/content/chiromatrix/3d_spine/nerve_chart/nerve.html]
[www.tonytropeadc.com/content/chiromatrix/3d_spine/nerve_chart/images/logo.png]
[www.tonytropeadc.com/content/chiromatrix/3d_spine/nerve_chart/postures.html]
[www.tonytropeadc.com/content/chiromatrix/3d_spine/nerve_chart/subluxation-degeneration.html]
[www.tonytropeadc.com/content/chiromatrix/3d_spine/nerve_chart/images/c/1.png]
[www.tonytropeadc.com/content/chiromatrix/3d_spine/nerve_chart/images/c/2.png]
[www.tonytropeadc.com/content/chiromatrix/3d_spine/nerve_chart/images/c/3.png]
[www.tonytropeadc.com/content/chiromatrix/3d_spine/nerve_chart/images/c/4.png]
[www.tonytropeadc.com/content/chiromatrix/3d_spine/nerve_chart/images/c/5.png]
[www.tonytropeadc.com/content/chiromatrix/3d_spine/nerve_chart/images/c/6.png]
[www.tonytropeadc.com/content/chiromatrix/3d_spine/nerve_chart/images/spine.png]
[www.tonytropeadc.com/content/chiromatrix/3d_spine/nerve_chart/images/nerves.png]
[www.tonytropeadc.com/content/chiromatrix/3d_spine/nerve_chart/images/Bladder.png]
[www.tonytropeadc.com/content/chiromatrix/3d_spine/nerve_chart/images/LargeIntestine.png]
[www.tonytropeadc.com/content/chiromatrix/3d_spine/nerve_chart/images/Kidney.png]
[www.tonytropeadc.com/content/chiromatrix/3d_spine/nerve_chart/images/SmallIntestine.png]
[www.tonytropeadc.com/content/chiromatrix/3d_spine/nerve_chart/images/Adrenal.png]
[www.tonytropeadc.com/content/chiromatrix/3d_spine/nerve_chart/images/Liver.png]
[www.tonytropeadc.com/content/chiromatrix/3d_spine/nerve_chart/images/Spleen.png]
[www.tonytropeadc.com/content/chiromatrix/3d_spine/nerve_chart/images/Pancreas.png]
[www.tonytropeadc.com/content/chiromatrix/3d_spine/nerve_chart/images/Stomach.png]
[www.tonytropeadc.com/content/chiromatrix/3d_spine/nerve_chart/images/Heart.png]
[www.tonytropeadc.com/content/chiromatrix/3d_spine/nerve_chart/images/Carotid.png]
[www.tonytropeadc.com/content/chiromatrix/3d_spine/nerve_chart/images/Lungs.png]
[www.tonytropeadc.com/content/chiromatrix/3d_spine/nerve_chart/images/Pulmonary.png]
[www.tonytropeadc.com/content/chiromatrix/3d_spine/nerve_chart/images/Parotid-single.png]
[www.tonytropeadc.com/content/chiromatrix/3d_spine/nerve_chart/images/Thyroid.png]
[www.tonytropeadc.com/content/chiromatrix/3d_spine/nerve_chart/images/Sublingual-single.png]
[www.tonytropeadc.com/content/chiromatrix/3d_spine/nerve_chart/images/Submaxilary-single.png]
[www.tonytropeadc.com/content/chiromatrix/3d_spine/nerve_chart/images/Sinus.png]
[www.tonytropeadc.com/content/chiromatrix/3d_spine/nerve_chart/images/Eyes.png]
[www.tonytropeadc.com/content/chiromatrix/3d_spine/nerve_chart/images/Nasal.png]
[www.tonytropeadc.com/content/chiromatrix/3d_spine/nerve_chart/images/Brain.png]
[www.tonytropeadc.com/content/chiromatrix/3d_spine/nerve_chart/js/custom.js]
[www.tonytropeadc.com/content/chiromatrix/3d_spine/nerve_chart/index.html]
[www.tonytropeadc.com/disclaimers/e,r.html]
[www.tonytropeadc.com/disclaimers/privacy_policy-2.html]
[www.tonytropeadc.com/disclaimers/terms_of_use-2.html]
[www.tonytropeadc.com/disclaimers/healthdisclaimer-2.html]
[www.tonytropeadc.com/plugins/smb/testimonials/components/testimonials/assets/css/fancybox_overlay.html]
[www.tonytropeadc.com/plugins/smb/testimonials/components/testimonials/assets/css/fancybox_sprite@2x.html]
[www.tonytropeadc.com/plugins/smb/testimonials/components/testimonials/assets/css/fancybox_loading@2x.html]
[www.tonytropeadc.com/content/chiromatrix/3d_spine/nerve_chart/images/sort-down.png]
[www.tonytropeadc.com/content/chiromatrix/3d_spine/nerve_chart/images/prev.png]
[www.tonytropeadc.com/content/chiromatrix/3d_spine/nerve_chart/images/next.png]
[www.tonytropeadc.com/content/chiromatrix/3d_spine/nerve_chart/css/style.css]
[www.tonytropeadc.com/content/chiromatrix/3d_spine/nerve_chart/nerve.html]
[www.tonytropeadc.com/content/chiromatrix/3d_spine/nerve_chart/images/driv-co.jpg]
[www.tonytropeadc.com/content/chiromatrix/3d_spine/nerve_chart/images/sit-co.jpg]
[www.tonytropeadc.com/content/chiromatrix/3d_spine/nerve_chart/images/slep-co.jpg]
[www.tonytropeadc.com/content/chiromatrix/3d_spine/nerve_chart/images/lateral-view.png]
[www.tonytropeadc.com/content/chiromatrix/3d_spine/nerve_chart/images/forward-head.png]
[www.tonytropeadc.com/content/chiromatrix/3d_spine/nerve_chart/images/round-shoulder.png]
[www.tonytropeadc.com/content/chiromatrix/3d_spine/nerve_chart/images/hollow-back.png]
[www.tonytropeadc.com/content/chiromatrix/3d_spine/nerve_chart/images/military.png]
[www.tonytropeadc.com/content/chiromatrix/3d_spine/nerve_chart/images/flat-pelvis.png]
[www.tonytropeadc.com/content/chiromatrix/3d_spine/nerve_chart/images/slu.png]
[www.tonytropeadc.com/content/chiromatrix/3d_spine/nerve_chart/images/driv-in.jpg]
[www.tonytropeadc.com/content/chiromatrix/3d_spine/nerve_chart/images/sit-in.jpg]
[www.tonytropeadc.com/content/chiromatrix/3d_spine/nerve_chart/images/slep-in.jpg]
[www.tonytropeadc.com/content/chiromatrix/3d_spine/nerve_chart/images/posterior.png]
[www.tonytropeadc.com/content/chiromatrix/3d_spine/nerve_chart/images/head.png]
[www.tonytropeadc.com/content/chiromatrix/3d_spine/nerve_chart/images/raised.png]
[www.tonytropeadc.com/content/chiromatrix/3d_spine/nerve_chart/images/mild.png]
[www.tonytropeadc.com/content/chiromatrix/3d_spine/nerve_chart/images/severe.png]
[www.tonytropeadc.com/content/chiromatrix/3d_spine/nerve_chart/images/tilt.png]
[www.tonytropeadc.com/content/chiromatrix/3d_spine/nerve_chart/images/shoulder.png]
[www.tonytropeadc.com/content/chiromatrix/3d_spine/nerve_chart/images/scoliosis-1.png]
[www.tonytropeadc.com/content/chiromatrix/3d_spine/nerve_chart/images/scoliosis-2.png]
[www.tonytropeadc.com/content/chiromatrix/3d_spine/nerve_chart/postures.html]
[www.tonytropeadc.com/content/chiromatrix/3d_spine/nerve_chart/Sub1/Subluxation-b1.html]
[www.tonytropeadc.com/content/chiromatrix/3d_spine/nerve_chart/Sub2/Subluxation-b2.html]
[www.tonytropeadc.com/content/chiromatrix/3d_spine/nerve_chart/images/Degeneration.png]
[www.tonytropeadc.com/content/chiromatrix/3d_spine/nerve_chart/Deg-1/Degeneration-a1.html]
[www.tonytropeadc.com/content/chiromatrix/3d_spine/nerve_chart/Deg-2/Degeneration-a2.html]
[www.tonytropeadc.com/content/chiromatrix/3d_spine/nerve_chart/Deg-3/Degeneration-a3.html]
[www.tonytropeadc.com/content/chiromatrix/3d_spine/nerve_chart/Deg-4/Degeneration-a4.html]
[www.tonytropeadc.com/content/chiromatrix/3d_spine/nerve_chart/Deg-5/Degeneration-a5.html]
[www.tonytropeadc.com/content/chiromatrix/3d_spine/nerve_chart/phases1/Phases-a1.html]
[www.tonytropeadc.com/content/chiromatrix/3d_spine/nerve_chart/phases2/Phases-a2.html]
[www.tonytropeadc.com/content/chiromatrix/3d_spine/nerve_chart/phases3/Phases-a3.html]
[www.tonytropeadc.com/content/chiromatrix/3d_spine/nerve_chart/phases4/Phases-a4.html]
[www.tonytropeadc.com/content/chiromatrix/3d_spine/nerve_chart/js/responsiveslides.min.js]
[www.tonytropeadc.com/content/chiromatrix/3d_spine/nerve_chart/subluxation-degeneration.html]
[code.createjs.com/createjs-2015.11.26.min.js]
[www.tonytropeadc.com/content/chiromatrix/3d_spine/nerve_chart/Sub1/Subluxation-b17a8c.js]
[www.tonytropeadc.com/content/chiromatrix/3d_spine/nerve_chart/Sub1/Subluxation-b1.html]
[www.tonytropeadc.com/content/chiromatrix/3d_spine/nerve_chart/Sub2/Subluxation-b2.js]
[www.tonytropeadc.com/content/chiromatrix/3d_spine/nerve_chart/Sub2/Subluxation-b2.html]
[www.tonytropeadc.com/content/chiromatrix/3d_spine/nerve_chart/Deg-1/Degeneration-a1.js]
[www.tonytropeadc.com/content/chiromatrix/3d_spine/nerve_chart/Deg-1/Degeneration-a1.html]
[www.tonytropeadc.com/content/chiromatrix/3d_spine/nerve_chart/Deg-2/Degeneration-a2d38e.js]
[www.tonytropeadc.com/content/chiromatrix/3d_spine/nerve_chart/Deg-2/Degeneration-a2.html]
[www.tonytropeadc.com/content/chiromatrix/3d_spine/nerve_chart/Deg-3/Degeneration-a3.js]
[www.tonytropeadc.com/content/chiromatrix/3d_spine/nerve_chart/Deg-3/Degeneration-a3.html]
[www.tonytropeadc.com/content/chiromatrix/3d_spine/nerve_chart/Deg-4/Degeneration-a4.js]
[www.tonytropeadc.com/content/chiromatrix/3d_spine/nerve_chart/Deg-4/Degeneration-a4.html]
[www.tonytropeadc.com/content/chiromatrix/3d_spine/nerve_chart/Deg-5/Degeneration-a5.js]
[www.tonytropeadc.com/content/chiromatrix/3d_spine/nerve_chart/Deg-5/Degeneration-a5.html]
[www.tonytropeadc.com/content/chiromatrix/3d_spine/nerve_chart/phases1/Phases-a1.js]
[www.tonytropeadc.com/content/chiromatrix/3d_spine/nerve_chart/phases1/Phases-a1.html]
[www.tonytropeadc.com/content/chiromatrix/3d_spine/nerve_chart/phases2/Phases-a2.js]
[www.tonytropeadc.com/content/chiromatrix/3d_spine/nerve_chart/phases2/Phases-a2.html]
[www.tonytropeadc.com/content/chiromatrix/3d_spine/nerve_chart/phases3/Phases-a3.js]
[www.tonytropeadc.com/content/chiromatrix/3d_spine/nerve_chart/phases3/Phases-a3.html]
[www.tonytropeadc.com/content/chiromatrix/3d_spine/nerve_chart/phases4/Phases-a4.js]
[www.tonytropeadc.com/content/chiromatrix/3d_spine/nerve_chart/phases4/Phases-a4.html]
